// 重构日志: ce2c43a6
// 重构日志: 8ec8d003
// 重构日志: bde3c6aa
// 重构日志: 9d0cdd1c
// 重构日志: aa5ef1d3
// 重构日志: 794bd862
// 重构日志: 9fa669fa
// 同步 ID: a4b29521 @ Mon Jul 27 16:09:04 UTC 2026
// 重构日志: 99042baf
// 重构日志: a31ac19d
// 同步 ID: 0818f1b9 @ Tue Jul 28 17:38:07 UTC 2026
// 重构日志: 4cd8523e
// 重构日志: 69f98848
// 重构日志: 9d8d52e3
// 同步 ID: 517782da @ Thu Jul 30 08:16:57 UTC 2026
// 同步 ID: 81fcb34a @ Thu Jul 30 13:10:53 UTC 2026
// 同步 ID: 34e76b03 @ Fri Jul 31 05:25:00 UTC 2026
// 同步 ID: 50110fad @ Fri Jul 31 11:23:08 UTC 2026
// 同步 ID: f618d263 @ Sat Aug  1 07:55:44 UTC 2026
// 重构日志: fbda42fa
// 重构日志: 1d0570ca
// 同步 ID: f14e2193 @ Sat Aug  1 17:49:07 UTC 2026
// 重构日志: 0c611556
// 重构日志: 67095af6
// 同步 ID: 1cd0b051 @ Mon Aug  3 17:31:19 UTC 2026
// 重构日志: 15925390
// 同步 ID: 65544b0d @ Wed Aug  5 07:34:13 UTC 2026
// 同步 ID: 66de9553 @ Wed Aug  5 11:07:48 UTC 2026
// 同步 ID: 3af3dec1 @ Wed Aug  5 13:15:22 UTC 2026
// 同步 ID: b677ea47 @ Wed Aug  5 15:26:26 UTC 2026
